// Jest Snapshot v1, https://goo.gl/fbAQLP

exports[`Testing Mission component renders correctly 1`] = `
<ul
  className="missionsLists"
  data-testid="missionsContent"
>
  <li
    className="missions border"
  >
    <h2
      className="border missionContents"
    >
      Missions
    </h2>
    <h2
      className="border missionContents"
    >
      Description
    </h2>
    <h2
      className="border missionContents"
    >
      Status
    </h2>
    <p
      className="border missionContents"
    />
  </li>
</ul>
`;
